<html>
<body>
<pre>
<h1>µVision Build Log</h1>
<h2>Project:</h2>
E:\v24he6t1\MAJOR_PROJECT\major\MAJOR.uvproj
Project File Date:  06/25/2025

<h2>Output:</h2>
Build target 'Target 1'
compiling main.c...
linking...
Program Size: Code=11200 RO-data=48 RW-data=184 ZI-data=1616  
FromELF: creating hex file...
"headache.axf" - 0 Error(s), 0 Warning(s).
Build target 'Target 1'
compiling main.c...
linking...
Program Size: Code=11200 RO-data=48 RW-data=184 ZI-data=1616  
FromELF: creating hex file...
"headache.axf" - 0 Error(s), 0 Warning(s).
Build target 'Target 1'
compiling main.c...
linking...
Program Size: Code=11200 RO-data=48 RW-data=184 ZI-data=1616  
FromELF: creating hex file...
"atm.axf" - 0 Error(s), 0 Warning(s).
Build target 'Target 1'
linking...
Program Size: Code=11200 RO-data=48 RW-data=184 ZI-data=1616  
FromELF: creating hex file...
"atm.axf" - 0 Error(s), 0 Warning(s).
