<html>
<body>
<pre>
<h1>µVision Build Log</h1>
<h2>Project:</h2>
E:\v24he6c4\ARM\major\MAJOR.uvproj
Project File Date:  05/29/2025

<h2>Output:</h2>
Build target 'Target 1'
assembling Startup.s...
compiling delay.c...
compiling kpm.c...
compiling main.c...
compiling uart.c...
compiling lcd.c...
compiling others_functions.c...
compiling bank_functions.c...
linking...
Program Size: Code=11196 RO-data=48 RW-data=184 ZI-data=1616  
FromELF: creating hex file...
"venuka.axf" - 0 Error(s), 0 Warning(s).
Build target 'Target 1'
assembling Startup.s...
compiling delay.c...
compiling kpm.c...
compiling main.c...
compiling uart.c...
compiling lcd.c...
compiling others_functions.c...
compiling bank_functions.c...
linking...
Program Size: Code=11196 RO-data=48 RW-data=184 ZI-data=1616  
FromELF: creating hex file...
"mundu.axf" - 0 Error(s), 0 Warning(s).
